// Jest Snapshot v1, https://goo.gl/fbAQLP

exports[`<PostTemplate /> should match snapshot 1`] = `
.c20 {
  font-size: 1.6rem;
  color: #aaaaaa;
  font-style: italic;
}

.c20 .categories span::after {
  content: ', ';
}

.c20 .categories span:last-child::after {
  content: '.';
}

.c20 a {
  color: #dc143c;
  text-decoration: none;
  transition: all 0.3s ease-in-out;
}

.c20 a:hover {
  filter: brightness(0.8);
}

.c6 {
  color: #000000;
  line-height: 1.2;
  font-size: 2.4rem;
  text-transform: uppercase;
}

.c12 {
  color: #000000;
  line-height: 1.2;
  font-size: 2.4rem;
  text-transform: none;
}

.c17 {
  color: #000000;
  line-height: 1.2;
  font-size: 4.0rem;
  text-transform: none;
}

.c16 {
  padding-bottom: 4.0rem;
  margin-bottom: 4.0rem;
  border-bottom: 0.1rem solid #DDDDDD;
}

.c16 .c5 {
  margin: 0;
  margin-bottom: 2.4rem;
}

.c18 {
  margin: 2.4rem 0;
  font-size: 2.4rem;
}

.c19 {
  max-width: 100%;
  display: block;
  margin-bottom: 2.4rem;
}

.c22 {
  font-size: calc(1.6rem + 0.2rem);
  line-height: 1.5;
}

.c22 p {
  margin: 2.4rem 0;
}

.c22 a,
.c22 a:visited,
.c22 a:link {
  color: #dc143c;
  text-decoration: none;
  transition: all 0.3s ease-in-out;
}

.c22 a:hover {
  filter: brightness(0.8);
}

.c22 code {
  font-family: monospace;
  color: #dc143c;
  font-size: 1.6rem;
  background: #DDDDDD;
  padding: 0.2rem;
  margin: 0.2rem;
}

.c22 pre {
  background: #000000;
  padding: 2.4rem;
  font-family: monospace;
  color: #FFFFFF;
  margin: 2.4rem 0;
  overflow-x: auto;
  width: 100%;
  font-size: 1.6rem;
}

.c22 pre code {
  color: inherit;
  background: inherit;
}

.c22 img {
  max-width: 100%;
}

.c22 .image {
  background: #DDDDDD;
  line-height: 0;
  margin: 2.4rem 0;
}

.c22 .image figcaption {
  font-size: 1.6rem;
  padding: 1.6rem;
  text-align: center;
  line-height: 1.3;
}

.c22 .image-style-side {
  max-width: 50%;
  float: right;
  margin: 2.4rem 0;
}

.c22 hr {
  border: none;
  border-bottom: 0.1rem solid #DDDDDD;
}

.c22 ul,
.c22 ol {
  margin: 2.4rem 4.0rem;
}

.c22 .table {
  width: 100%;
  overflow: hidden;
  overflow-x: auto;
  margin: 2.4rem 0;
}

.c22 table {
  width: 100%;
  border-collapse: collapse;
}

.c22 table td,
.c22 table th {
  padding: 1.6rem;
  border: 0.1rem solid #DDDDDD;
}

.c22 blockquote {
  border-left: 0.5rem solid #dc143c;
  color: #aaaaaa;
  filter: brightness(80%);
  padding-left: 2.4rem;
  font-style: italic;
  margin: 2.4rem;
}

.c15 {
  width: 100%;
  margin: 0 auto;
  padding: 0 3.2rem;
  max-width: 96rem;
}

.c21 {
  width: 100%;
  margin: 0 auto;
  padding: 0 3.2rem;
  max-width: 80rem;
}

.c24 {
  margin: 2.4rem 0;
}

.c24 span {
  margin-left: 0.5rem;
  background: rgba(200,200,200,0.4);
  padding: 0.4rem 0.4rem;
  border-radius: 0.5rem;
  font-size: 1.5rem;
  transition: all 0.3s ease-in-out;
  cursor: pointer;
}

.c24 span:hover {
  background: rgba(200,200,200,0.6);
}

.c24 span::before {
  content: ' ';
}

.c24 span::after {
  content: ' ';
}

.c24 a {
  transition: all 0.3s ease-in-out;
}

.c24 a:hover {
  filter: brightness(50%);
}

.c26 {
  text-align: center;
  border-top: 0.1rem solid #DDDDDD;
  padding: 2.4rem;
}

.c26 a {
  color: inherit;
  text-decoration: none;
}

.c27 {
  position: fixed;
  background: #000000;
  color: #FFFFFF;
  display: flex;
  align-items: center;
  justify-content: center;
  width: 4rem;
  height: 4rem;
  bottom: 2rem;
  right: 2rem;
  z-index: 6;
}

.c1 {
  display: inline-block;
  vertical-align: middle;
  overflow: hidden;
}

.c7 {
  display: flex;
  align-items: center;
  text-decoration: none;
  color: inherit;
}

.c7 >img {
  width: 15rem;
  height: 15rem;
  border-radius: 50%;
}

.c10 {
  display: flex;
  align-items: center;
  justify-content: center;
  padding-bottom: 6.4rem;
  width: 100%;
  max-width: 96rem;
  color: #333333;
  font-size: 1.6rem;
  margin: 0 auto;
}

.c10 .c5 {
  margin: 0 0 calc(1.6rem - 1rem);
}

.c11 {
  display: flex;
  flex-flow: column wrap;
  margin-left: 3.2rem;
  max-width: 48rem;
}

.c13 {
  margin-top: calc(0.8rem / 2);
}

.c2 {
  background: #000000;
  padding: 3.2rem;
  display: flex;
  position: fixed;
  z-index: 1;
  width: 100%;
  max-width: 32rem;
  height: 100vh;
  top: 0;
  left: 0%;
  transition: all 0.3s ease-in-out;
  overflow-y: auto;
  left: -30rem;
  overflow-y: hidden;
}

.c3 {
  margin: auto;
  width: 100%;
}

.c4 .c5 {
  display: flex;
  justify-content: center;
  margin: 0;
  margin-bottom: 4.0rem;
}

.c4 .c5 img {
  border: 0.5rem solid #dc143c;
}

.c0 {
  position: fixed;
  top: 2.4rem;
  color: #FFFFFF;
  background-color: #000000;
  z-index: 2;
  width: 3rem;
  height: 3rem;
  left: 26rem;
  transition: all 0.3s ease-in-out;
  left: 1rem;
  color: #FFFFFF;
}

.c8 {
  display: block;
  color: #FFFFFF;
  text-decoration: none;
  margin-bottom: 1.6rem;
  font-size: 1.8rem;
  border-right: 0.5rem solid #000000;
  transition: all 300ms ease-in-out;
}

.c8:hover {
  border-right: 0.5rem solid #dc143c;
  color: #dc143c;
}

.c9 {
  margin-top: 6.4rem;
  padding: 0 3.2rem;
}

.c14 {
  max-width: 120rem;
  width: 100%;
  margin: 0 auto;
  margin-bottom: 6.4rem;
}

.c25 {
  max-width: 120rem;
  width: 100%;
  margin: 0 auto;
  padding: 3.2rem;
}

.c23 {
  padding: 0 3.2rem;
}

@media (max-width: 768px) {
  .c22 {
    font-size: 2rem;
  }

  .c22 .image-style-side {
    max-width: 100%;
    float: none;
    margin: 2.4rem;
  }
}

@media (max-width: 360px) {
  .c10 {
    display: flex;
    flex-flow: column wrap;
    padding-bottom: 3.2rem;
  }

  .c10>.c5 {
    margin: 0 0 2.4rem 0;
  }
}

@media (max-width: 360px) {
  .c11 {
    margin-left: 0;
  }
}

@media (max-width: 768px) {
  .c2 {
    left: -32rem;
  }
}

@media (max-width: 768px) {
  .c0 {
    left: -0.5rem;
  }
}

<div>
  <div
    class=""
  >
    <a
      aria-label="Open or close menu"
      class="c0"
      href="#"
      title="Open or close menu"
    >
      <svg
        aria-hidden="true"
        aria-label="Open menu"
        class="c1"
        fill="currentColor"
        focusable="false"
        viewBox="0 0 24 24"
        xmlns="http://www.w3.org/2000/svg"
      >
        <path
          d="M3 18h18v-2H3v2zm0-5h18v-2H3v2zm0-7v2h18V6H3z"
        />
      </svg>
    </a>
    <div
      aria-hidden="true"
      class="c2"
    >
      <nav
        class="c3"
      >
        <div
          class="c4"
        >
          <h1
            class="c5 c6"
          >
            <a
              href="/"
            >
              <a
                class="c7"
                target="_self"
              >
                <img
                  alt="meu blog"
                  src="https://res.cloudinary.com/dm5kvicsz/image/upload/v1708022644/react_9bb785764c.png"
                />
              </a>
            </a>
          </h1>
        </div>
        <a
          class="c8"
          href="#link1"
          target="_self"
        >
          link 1
        </a>
        <a
          class="c8"
          href="#link2"
          target="_self"
        >
          link 2
        </a>
      </nav>
    </div>
    <div
      class="c9"
    >
      <header
        class="c10"
      >
        <h1
          class="c5 c6"
        >
          <a
            href="/"
          >
            <a
              class="c7"
              target="_self"
            >
              <img
                alt="meu blog - blog de testes"
                src="https://res.cloudinary.com/dm5kvicsz/image/upload/v1708022644/react_9bb785764c.png"
              />
            </a>
          </a>
        </h1>
        <div
          class="c11"
        >
          <h2
            class="c5 c12"
          >
            meu blog
          </h2>
          <p
            class="c13"
          >
            blog de testes
          </p>
        </div>
      </header>
    </div>
    <div
      class="c14"
    >
      <article
        class=""
      >
        <div
          class="c15"
        >
          <header
            class="c16"
          >
            <h1
              class="c5 c17"
            >
              Anunciando Elden Ring: A Cidade Subterrânea
            </h1>
            <p
              class="c18"
            >
              Prepare-se para explorar um novo mundo em Elden Ring: A Cidade Subterrânea, uma expansão épica que leva você às profundezas das Terras Intermediárias.
            </p>
            <img
              alt="Anunciando Elden Ring: A Cidade Subterrânea"
              class="c19"
              src="https://res.cloudinary.com/dm5kvicsz/image/upload/v1708018948/H7_AL_Wt_R_md_9dcdc521e6.jpg"
            />
            <div
              class="c20"
            >
              <p>
                <span>
                  Por 
                </span>
                <a
                  href="/author/marcus-barcelos"
                >
                  Marcus Barcelos
                </a>
                <span
                  class="separator"
                >
                   | 
                </span>
                <span>
                  Em 
                </span>
                <time>
                  Invalid Date
                </time>
                <span
                  class="separator"
                >
                   | 
                </span>
                <span
                  class="categories"
                >
                  Categorias:
                  <span>
                    <a
                      href="/category/java-1"
                    >
                      Java
                    </a>
                  </span>
                  <span>
                    <a
                      href="/category/java-script"
                    >
                      JavaScript
                    </a>
                  </span>
                </span>
              </p>
            </div>
          </header>
        </div>
        <div
          class="c21"
        >
          <div
            class="c22"
          >
            <p>
              Nostro 
              <strong>
                definitiones
              </strong>
               (
              <i>
                React
              </i>
              ) sed cu - 
              <u>
                Marcus Barcelos
              </u>
              . Sea 
              <code>
                useEffect
              </code>
              , useState dicat fabulas 
              <a
                href="https://gist.github.com/luizomf/e7cf0c3d172801225cce694681ecb0ad"
              >
                consetetur
              </a>
               no, odio deseruisse assueverit mei eu, vis probo nonumes molestie id. Ipsum movet liberavisse an mea, diceret vituperata ne his, delenit apeirian quo ea. Imperdiet percipitur te eos. Per ludus aliquam cu. 
              <a
                href="https://gist.github.com/luizomf/e7cf0c3d172801225cce694681ecb0ad"
              >
                Eos ex tincidunt necessitatibus, timeam theophrastus mel cu
              </a>
              . La.
            </p>
            <pre>
              <code
                class="language-plaintext"
              >
                import { useEffect, useRef, useState } from 'react';

const useMyHook = (cb, delay = 1000) =&gt; {
  const savedCb = useRef();

  useEffect(() =&gt; {
    savedCb.current = cb;
  }, [cb]);

  useEffect(() =&gt; {
    const interval = setInterval(() =&gt; {
      savedCb.current();
    }, delay);

    return () =&gt; clearInterval(interval);
  }, [delay]);
};
              </code>
            </pre>
            <p>
              Qui eu 
              <i>
                mutat
              </i>
               exerci 
              <span
                style="background-color:hsl(60,75%,60%);"
              >
                dolores
              </span>
              , his no 
              <span
                style="color:hsl(270,75%,60%);"
              >
                repudiare
              </span>
               constituam 
              <s>
                accommodare
              </s>
              , vis ea sint 
              <u>
                tempor
              </u>
               eirmod. In mei eruditi moderatius, ex per iudico essent repudiandae. In vis vidisse menandri, an has repudiare disputationi delicatissimi. In has wisi justo postulant. Ei viderer ornatus mel, usu an partiendo tincidunt, ea eum brute ullamcorper.
            </p>
            <p>
              10
              <sup>
                2
              </sup>
              *5
              <sup>
                2
              </sup>
               - H
              <sub>
                2
              </sub>
              0
            </p>
            <p
              style="text-align:center;"
            >
              <strong>
                Center: 
              </strong>
              Abhorreant reformidans eum an, per equidem repudiandae no, ex cum elitr argumentum persequeris. In eam consul theophrastus delicatissimi, lobortis rationibus efficiendi mea ei, nam natum dolore scripserit ea. Sit partiendo eloquentiam ne. Sea no autem dolores, ridens gloriatur mel cu. Munere nullam epicuri his id, dicam definiebas deterruisset eu vim. Ea veritus deleniti usu, nam ei idque choro volumus, ex nisl aliquam bonorum eam.
            </p>
            <p>
              Fugit aliquip erroribus eu eam, an mel vidit doctus. Vis nobis veritus maluisset id, nonumy adversarium neglegentur est ut. Tation persius pri eu, modo minim fastidii mei no. Ad tota pertinax definiebas eam.
            </p>
            <p
              style="text-align:right;"
            >
              <strong>
                Right:
              </strong>
               Mel in lorem feugiat, tation dolore et eum. Id has utamur albucius molestiae. Dico justo maiestatis ei mei, labitur laboramus voluptatum nam ut. Saperet propriae nec an.
            </p>
            <p>
              Quod oblique mei ne, cetero delicatissimi sea cu, cu est harum dicit verterem. Tota forensibus ut usu, luptatum dignissim persecuti vel ex. Mea nostrud instructior cu, et referrentur theophrastus eum. Pro in iuvaret senserit. In persius explicari conceptam nec, in populo ponderum consequat vis. Gloriatur conclusionemque no qui, vitae nominati nec te, laoreet torquatos accommodare ex qui. Eu natum mediocritatem eos, cum ex alia oportere.
            </p>
            <p
              style="text-align:justify;"
            >
              <strong>
                Justify:
              </strong>
               Cu vis nonumes petentium disputationi, invidunt aliquando ex ius, ocurreret suscipiantur conclusionemque eu qui. Probo nemore ut est. Et eam dicta oratio eligendi. Quem dicta dolore vel et, at reque gloriatur definitionem sed.
            </p>
            <p>
              Nec simul ullamcorper at. Mea possit dolores persecuti te, ei quidam apeirian quo. Has quas corpora ne. Ius ad malis iusto delenit, sit ferri idque ex.
            </p>
            <blockquote>
              <p>
                Blockquote: Et sed legere rationibus, vitae evertitur ad eam. Eu amet vero officiis vis. Ad nullam pericula neglegentur sit, vix ei regione legendos argumentum. Mei an quas convenire, nobis dicunt mei ut. Pro no debet referrentur, ei est falli libris. Eu per summo salutandi hendrerit, salutatus democritum interesset nec ut. Wisi lobortis incorrupte ei mea, explicari interpretaris has et.
              </p>
            </blockquote>
            <p>
              A new line:
            </p>
            <hr />
            <p>
              Now keep going…
            </p>
            <figure
              class="image"
            >
              <a
                href="https://gist.github.com/luizomf/e7cf0c3d172801225cce694681ecb0ad"
              >
                <img
                  alt="O alt text da imagem"
                  src="https://res.cloudinary.com/dlizakp2a/image/upload/v1614696630/Frozen_sunset_on_the_lake_by_Manuel_Arslanyan_9f9cd8ea10.jpg"
                />
              </a>
              <figcaption>
                Aqui está uma imagem
              </figcaption>
            </figure>
            <p>
              Munere euripidis an sed, usu ne consul soluta utamur. Bonorum equidem placerat eu cum, tantas quidam duo et. Pro soleat quaestio ne, ut nam wisi vocibus inciderint, ex his maiorum mnesarchum. Et est wisi primis, id vel odio alienum voluptatibus. Veri doctus offendit vim ea. Has nemore prompta inciderint ei, no sea expetendis dissentiet. Copiosae delicatissimi an sea, id cum agam clita nostro, tale tincidunt delicatissimi ei eos.
            </p>
            <figure
              class="image image-style-side"
            >
              <img
                alt="Uma imagem à direita"
                src="https://res.cloudinary.com/dlizakp2a/image/upload/v1614696630/Frozen_sunset_on_the_lake_by_Manuel_Arslanyan_9f9cd8ea10.jpg"
              />
              <figcaption>
                Uma imagem à direita
              </figcaption>
            </figure>
            <p>
              Munere euripidis an sed, usu ne consul soluta utamur. Bonorum equidem placerat eu cum, tantas quidam duo et. Pro soleat quaestio ne, ut nam wisi vocibus inciderint, ex his maiorum mnesarchum. Et est wisi primis, id vel odio alienum voluptatibus. Veri doctus offendit vim ea. Has nemore prompta inciderint ei, no sea expetendis dissentiet. Copiosae delicatissimi an sea, id cum agam clita nostro, tale tincidunt delicatissimi ei eos.
            </p>
            <p>
              Munere euripidis an sed, usu ne consul soluta utamur. Bonorum equidem placerat eu cum, tantas quidam duo et. Pro soleat quaestio ne, ut nam wisi vocibus inciderint, ex his maiorum mnesarchum. Et est wisi primis, id vel odio alienum voluptatibus. Veri doctus offendit vim ea. Has nemore prompta inciderint ei, no sea expetendis dissentiet. Copiosae delicatissimi an sea, id cum agam clita nostro, tale tincidunt delicatissimi ei eos.
            </p>
            <p>
              Solum consul scripserit in duo, an sit postea denique percipit. Facer ignota consequat nec ei, idque etiam corrumpit sit ut. In mucius definitionem quo, vis an nisl diam appellantur, hendrerit comprehensam ea per. Vix saepe fierent ut.
            </p>
            <p>
              Cu mei summo copiosae. Et vim quaestio partiendo. Quot praesent imperdiet at duo. Sit probo causae ei. Ad ius nemore eruditi.
            </p>
            <p>
              Mei in qualisque disputando. Adipisci philosophia et sed, mel diceret patrioque sententiae ea, iriure posidonium consectetuer ad eam. Nobis reprimique duo in, eam corpora mandamus ex. In quod euismod eum, ne habemus cotidieque necessitatibus cum. Liber recteque duo no, ludus reprehendunt has an.
            </p>
            <p>
              Solum consul scripserit in duo, an sit postea denique percipit. Facer ignota consequat nec ei, idque etiam corrumpit sit ut. In mucius definitionem quo, vis an nisl diam appellantur, hendrerit comprehensam ea per. Vix saepe fierent ut.
            </p>
            <p>
              Cu mei summo copiosae. Et vim quaestio partiendo. Quot praesent imperdiet at duo. Sit probo causae ei. Ad ius nemore eruditi.
            </p>
            <p>
              Mei in qualisque disputando. Adipisci philosophia et sed, mel diceret patrioque sententiae ea, iriure posidonium consectetuer ad eam. Nobis reprimique duo in, eam corpora mandamus ex. In quod euismod eum, ne habemus cotidieque necessitatibus cum. Liber recteque duo no, ludus reprehendunt has an.
            </p>
            <p>
              Bullet:
            </p>
            <ul>
              <li>
                Mei in qualisque disputando. Adipisci philosophia et sed, mel diceret patrioque sententiae ea, iriure posidonium consectetuer ad eam. Nobis reprimique duo in, eam corpora mandamus ex. In quod euismod eum, ne habemus cotidieque necessitatibus cum. Liber recteque duo no, ludus reprehendunt has an.
              </li>
              <li>
                iriure posidonium consectetuer ad eam.
              </li>
              <li>
                Nobis reprimique duo in, eam corpora mandamus
              </li>
              <li>
                ex. In
              </li>
              <li>
                quod euismod
              </li>
              <li>
                eum, ne habemus cotidieque necessitatibus cum.
              </li>
              <li>
                Liber recteque duo no, ludus reprehendunt has an.
              </li>
            </ul>
            <p>
              Now ordered:
            </p>
            <ol>
              <li>
                Item 1
              </li>
              <li>
                Item
              </li>
              <li>
                Item
              </li>
              <li>
                Item
              </li>
            </ol>
            <p>
              A think that's it…
            </p>
            <figure
              class="table"
            >
              <table>
                <thead>
                  <tr>
                    <th>
                      Title 1
                    </th>
                    <th>
                      Title 1
                    </th>
                    <th>
                      Title 1
                    </th>
                    <th>
                      Title 1
                    </th>
                    <th>
                      Title 1
                    </th>
                    <th>
                      Title 1
                    </th>
                    <th>
                      Title 1
                    </th>
                    <th>
                      Title 1
                    </th>
                    <th>
                      Title 1
                    </th>
                    <th>
                      Title 1
                    </th>
                  </tr>
                </thead>
                <tbody>
                  <tr>
                    <td>
                      Item
                    </td>
                    <td>
                      Item
                    </td>
                    <td>
                      Item
                    </td>
                    <td>
                      Item
                    </td>
                    <td>
                      Item
                    </td>
                    <td>
                      Item
                    </td>
                    <td>
                      Item
                    </td>
                    <td>
                      Item
                    </td>
                    <td>
                      Item
                    </td>
                    <td>
                      Item
                    </td>
                  </tr>
                  <tr>
                    <td>
                      Item
                    </td>
                    <td>
                      Item
                    </td>
                    <td>
                      Item
                    </td>
                    <td>
                      Item
                    </td>
                    <td>
                      Item
                    </td>
                    <td>
                      Item
                    </td>
                    <td>
                      Item
                    </td>
                    <td>
                      Item
                    </td>
                    <td>
                      Item
                    </td>
                    <td>
                      Item
                    </td>
                  </tr>
                  <tr>
                    <td>
                      Item
                    </td>
                    <td>
                      Item
                    </td>
                    <td>
                      Item
                    </td>
                    <td>
                      Item
                    </td>
                    <td>
                      Item
                    </td>
                    <td>
                      Item
                    </td>
                    <td>
                      Item
                    </td>
                    <td>
                      Item
                    </td>
                    <td>
                      Item
                    </td>
                    <td>
                      Item
                    </td>
                  </tr>
                </tbody>
              </table>
            </figure>
            <p>
              A video:
            </p>
            <figure
              class="media"
            >
              <oembed
                url="https://www.youtube.com/watch?v=oLmRV25eQvo"
              />
            </figure>
            <p>
              The end.
            </p>
          </div>
        </div>
      </article>
      <div
        class="c23"
      >
        <p
          class="c24"
        >
          tags:
          <span>
            <a
              href="/tags/use-effect"
              style="text-decoration: none;"
            >
              useEffect
            </a>
          </span>
          <span>
            <a
              href="/tags/use-state"
              style="text-decoration: none;"
            >
              useState
            </a>
          </span>
        </p>
      </div>
    </div>
    <div
      class="c25"
    >
      <footer
        class="c26"
      >
        <div
          class="c22"
        >
          meu footer de boas na lagoa
        </div>
      </footer>
    </div>
    <a
      aria-label="Go to top"
      class="c27"
      href="#"
      title="Go to top"
    >
      <svg
        aria-hidden="true"
        class="c1"
        fill="currentColor"
        focusable="false"
        viewBox="0 0 24 24"
        xmlns="http://www.w3.org/2000/svg"
      >
        <path
          d="M7.41 15.41 12 10.83l4.59 4.58L18 14l-6-6-6 6 1.41 1.41z"
        />
      </svg>
    </a>
  </div>
</div>
`;
