// Jest Snapshot v1, https://goo.gl/fbAQLP

exports[`<PostCard /> should match snapshot 1`] = `
.c3 {
  color: #000000;
  line-height: 1.2;
  font-size: 2.4rem;
  text-transform: none;
}

.c0 .c2 {
  margin: 0;
  margin-top: calc(1.6rem - 0.6);
  margin-bottom: 1.6rem;
}

.c0 h2 {
  transition: all 300ms ease-in-out;
}

.c0:hover h2 {
  color: #dc143c;
}

.c0:hover img {
  opacity: 0.8;
  transform: scale(1.03);
}

.c1 {
  max-width: 100%;
  transition: all 300ms ease-in-out;
}

.c4 {
  max-width: 100%;
}

<div>
  <div
    class="c0"
  >
    <a
      href="/post/anunciando-elden-ring-a-cidade-subterranea"
    >
      <img
        alt="Anunciando Elden Ring: A Cidade Subterrânea"
        class="c1"
        src="https://res.cloudinary.com/dm5kvicsz/image/upload/v1708018948/H7_AL_Wt_R_md_9dcdc521e6.jpg"
      />
    </a>
    <a
      href="/post/anunciando-elden-ring-a-cidade-subterranea"
      style="text-decoration: none;"
    >
      <h2
        class="c2 c3"
      >
        Anunciando Elden Ring: A Cidade Subterrânea
      </h2>
    </a>
    <p
      class="c4"
    >
      Prepare-se para explorar um novo mundo em Elden Ring: A Cidade Subterrânea, uma expansão épica que leva você às profundezas das Terras Intermediárias.
    </p>
  </div>
</div>
`;
