// Jest Snapshot v1, https://goo.gl/fbAQLP

exports[`<Menu /> should match snapshot 1`] = `
.c6 {
  color: #000000;
  line-height: 0;
  font-size: 2.4rem;
  text-transform: uppercase;
}

.c2 {
  background: #000000;
  padding: 3.2rem;
  display: flex;
  position: fixed;
  z-index: 1;
  width: 100%;
  max-width: 32rem;
  height: 100vh;
  top: 0;
  left: 0%;
  transition: all 0.3s ease-in-out;
  overflow-y: auto;
  left: -30rem;
  overflow-y: hidden;
}

.c3 {
  margin: auto;
  width: 100%;
}

.c4 .c5 {
  display: flex;
  justify-content: center;
  margin: 0;
  margin-bottom: 4.0rem;
}

.c4 .c5 img {
  border: 0.5rem solid #dc143c;
}

.c0 {
  position: fixed;
  top: 2.4rem;
  color: #FFFFFF;
  background-color: #000000;
  z-index: 2;
  width: 3rem;
  height: 3rem;
  left: 26rem;
  transition: all 0.3s ease-in-out;
  left: 1rem;
  color: #FFFFFF;
}

.c1 {
  display: inline-block;
  vertical-align: middle;
  overflow: hidden;
}

.c7 {
  display: flex;
  align-items: center;
  text-decoration: none;
  color: inherit;
}

.c7 >img {
  width: 15rem;
  height: 15rem;
  border-radius: 50%;
}

.c8 {
  display: block;
  color: #FFFFFF;
  text-decoration: none;
  margin-bottom: 1.6rem;
  font-size: 1.8rem;
  border-right: 0.5rem solid #000000;
  transition: all 300ms ease-in-out;
}

.c8:hover {
  border-right: 0.5rem solid #dc143c;
  color: #dc143c;
}

@media (max-width: 768px) {
  .c2 {
    left: -32rem;
  }
}

@media (max-width: 768px) {
  .c0 {
    left: -0.5rem;
  }
}

<div>
  <a
    aria-label="Open or close menu"
    class="c0"
    href="#"
    title="Open or close menu"
  >
    <svg
      aria-hidden="true"
      aria-label="Open menu"
      class="c1"
      fill="currentColor"
      focusable="false"
      viewBox="0 0 24 24"
      xmlns="http://www.w3.org/2000/svg"
    >
      <path
        d="M3 18h18v-2H3v2zm0-5h18v-2H3v2zm0-7v2h18V6H3z"
      />
    </svg>
  </a>
  <div
    aria-hidden="true"
    class="c2"
  >
    <nav
      class="c3"
    >
      <div
        class="c4"
      >
        <h1
          class="c5 c6"
        >
          <a
            href="/"
          >
            <a
              class="c7"
              target="_self"
            >
              <img
                alt="Marcus Barcelos"
                src="https://res.cloudinary.com/dm5kvicsz/image/upload/v1708022537/Whats_App_Image_2023_07_13_at_15_32_56_000d5b42b2.jpg"
              />
            </a>
          </a>
        </h1>
      </div>
      <a
        href="/home/1"
        style="text-decoration: none;"
      >
        <a
          class="c8"
          target="_self"
        >
          My jobs
        </a>
      </a>
      <a
        href="/home/2"
        style="text-decoration: none;"
      >
        <a
          class="c8"
          target="_self"
        >
          About me
        </a>
      </a>
      <a
        href="/home/3"
        style="text-decoration: none;"
      >
        <a
          class="c8"
          target="_self"
        >
          Services
        </a>
      </a>
      <a
        class="c8"
        href="http://localhost/home/4"
        target="_self"
      >
        External Link
      </a>
      <a
        href="/home/5"
        style="text-decoration: none;"
      >
        <a
          class="c8"
          target="_self"
        >
          JavaScript
        </a>
      </a>
      <a
        href="/home/6"
        style="text-decoration: none;"
      >
        <a
          class="c8"
          target="_self"
        >
          Python
        </a>
      </a>
      <a
        href="/home/7"
        style="text-decoration: none;"
      >
        <a
          class="c8"
          target="_self"
        >
          Consectetur
        </a>
      </a>
      <a
        href="/home/8"
        style="text-decoration: none;"
      >
        <a
          class="c8"
          target="_self"
        >
          Text test
        </a>
      </a>
      <a
        href="/home/9"
        style="text-decoration: none;"
      >
        <a
          class="c8"
          target="_self"
        >
          Pac-man
        </a>
      </a>
      <a
        href="/home/10"
        style="text-decoration: none;"
      >
        <a
          class="c8"
          target="_self"
        >
          Star Wars
        </a>
      </a>
      <a
        href="/home/11"
        style="text-decoration: none;"
      >
        <a
          class="c8"
          target="_self"
        >
          A menu
        </a>
      </a>
    </nav>
  </div>
</div>
`;
