// Jest Snapshot v1, https://goo.gl/fbAQLP

exports[`<Post /> should render header, excerpt, cover, metadata and post 1`] =
  `
.c6 {
  font-size: 1.6rem;
  color: #aaaaaa;
  font-style: italic;
}

.c6 .categories span::after {
  content: ', ';
}

.c6 .categories span:last-child::after {
  content: '.';
}

.c6 a {
  color: #dc143c;
  text-decoration: none;
  transition: all 0.3s ease-in-out;
}

.c6 a:hover {
  filter: brightness(0.8);
}

.c3 {
  color: #000000;
  line-height: 1.2;
  font-size: 4.0rem;
  text-transform: none;
}

.c1 {
  padding-bottom: 4.0rem;
  margin-bottom: 4.0rem;
  border-bottom: 0.1rem solid #DDDDDD;
}

.c1 .c2 {
  margin: 0;
  margin-bottom: 2.4rem;
}

.c4 {
  margin: 2.4rem 0;
  font-size: 2.4rem;
}

.c5 {
  max-width: 100%;
  display: block;
  margin-bottom: 2.4rem;
}

.c8 {
  font-size: calc(1.6rem + 0.2rem);
  line-height: 1.5;
}

.c8 p {
  margin: 2.4rem 0;
}

.c8 a,
.c8 a:visited,
.c8 a:link {
  color: #dc143c;
  text-decoration: none;
  transition: all 0.3s ease-in-out;
}

.c8 a:hover {
  filter: brightness(0.8);
}

.c8 code {
  font-family: monospace;
  color: #dc143c;
  font-size: 1.6rem;
  background: #DDDDDD;
  padding: 0.2rem;
  margin: 0.2rem;
}

.c8 pre {
  background: #000000;
  padding: 2.4rem;
  font-family: monospace;
  color: #FFFFFF;
  margin: 2.4rem 0;
  overflow-x: auto;
  width: 100%;
  font-size: 1.6rem;
}

.c8 pre code {
  color: inherit;
  background: inherit;
}

.c8 img {
  max-width: 100%;
}

.c8 .image {
  background: #DDDDDD;
  line-height: 0;
  margin: 2.4rem 0;
}

.c8 .image figcaption {
  font-size: 1.6rem;
  padding: 1.6rem;
  text-align: center;
  line-height: 1.3;
}

.c8 .image-style-side {
  max-width: 50%;
  float: right;
  margin: 2.4rem 0;
}

.c8 hr {
  border: none;
  border-bottom: 0.1rem solid #DDDDDD;
}

.c8 ul,
.c8 ol {
  margin: 2.4rem 4.0rem;
}

.c8 .table {
  width: 100%;
  overflow: hidden;
  overflow-x: auto;
  margin: 2.4rem 0;
}

.c8 table {
  width: 100%;
  border-collapse: collapse;
}

.c8 table td,
.c8 table th {
  padding: 1.6rem;
  border: 0.1rem solid #DDDDDD;
}

.c8 blockquote {
  border-left: 0.5rem solid #dc143c;
  color: #aaaaaa;
  filter: brightness(80%);
  padding-left: 2.4rem;
  font-style: italic;
  margin: 2.4rem;
}

.c0 {
  width: 100%;
  margin: 0 auto;
  padding: 0 3.2rem;
  max-width: 96rem;
}

.c7 {
  width: 100%;
  margin: 0 auto;
  padding: 0 3.2rem;
  max-width: 80rem;
}

@media (max-width: 768px) {
  .c8 {
    font-size: 2rem;
  }

  .c8 .image-style-side {
    max-width: 100%;
    float: none;
    margin: 2.4rem;
  }
}

<div>
  <article
    class=""
  >
    <div
      class="c0"
    >
      <header
        class="c1"
      >
        <h1
          class="c2 c3"
        >
          Desbravando Novos Horizontes: Elden Ring Revelado
        </h1>
        <p
          class="c4"
        >
          Prepare-se para uma nova jornada em Elden Ring, onde os limites do mundo são desafiados e novos horizontes são descobertos.
        </p>
        <img
          alt="Desbravando Novos Horizontes: Elden Ring Revelado"
          class="c5"
          src="https://res.cloudinary.com/dm5kvicsz/image/upload/v1708548805/homem_aranha_apontando_og_f5bff531dd.webp"
        />
        <div
          class="c6"
        >
          <p>
            <span>
              Por 
            </span>
            <a
              href="/author/ana-caroline"
            >
              Ana Caroline
            </a>
            <span
              class="separator"
            >
               | 
            </span>
            <span>
              Em 
            </span>
            <time
              datetime="2024-02-21T20:54:59.282Z"
            >
              21 de fev. de 2024
            </time>
            <span
              class="separator"
            >
               | 
            </span>
            <span
              class="categories"
            >
              Categorias:
              <span>
                <a
                  href="/category/artigos"
                >
                  Artigos
                </a>
              </span>
            </span>
          </p>
        </div>
      </header>
    </div>
    <div
      class="c7"
    >
      <div
        class="c8"
      >
        <p>
          Elden Ring está de volta com uma nova aventura que promete desafiar até mesmo os jogadores mais experientes. Com um vasto mundo aberto para explorar, criaturas colossais para enfrentar e mistérios para desvendar, esta é a sua chance de desbravar novos horizontes e descobrir o que aguarda além dos limites conhecidos.
        </p>
        <p>
          Prepare sua espada, fortaleça sua determinação e embarque nesta jornada épica em busca de glória, poder e redenção. Elden Ring espera por você - você tem a coragem necessária para enfrentar o desconhecido?
        </p>
      </div>
    </div>
  </article>
</div>
`;
