// Jest Snapshot v1, https://goo.gl/fbAQLP

exports[`<PostTags /> should match snapshot 1`] = `
.c0 {
  margin: 2.4rem 0;
}

.c0 span {
  margin-left: 0.5rem;
  background: rgba(200,200,200,0.4);
  padding: 0.4rem 0.4rem;
  border-radius: 0.5rem;
  font-size: 1.5rem;
  transition: all 0.3s ease-in-out;
  cursor: pointer;
}

.c0 span:hover {
  background: rgba(200,200,200,0.6);
}

.c0 span::before {
  content: ' ';
}

.c0 span::after {
  content: ' ';
}

.c0 a {
  transition: all 0.3s ease-in-out;
}

.c0 a:hover {
  filter: brightness(50%);
}

<div>
  <p
    class="c0"
  >
    tags:
    <span>
      <a
        href="/tags/use-effect"
        style="text-decoration: none;"
      >
        useEffect
      </a>
    </span>
    <span>
      <a
        href="/tags/use-state"
        style="text-decoration: none;"
      >
        useState
      </a>
    </span>
  </p>
</div>
`;

exports[`<PostTags /> should match snapshot with no tags 1`] = `<div />`;
